---
source: src/snapshots/snap.rs
expression: terminal.backend()
---
"┏━━━━━━━━━━━━━━━━━━━━━━━━━━━━━━━━━━━━━━━━━━━━━━ 2048 ━━━━━━━━━━━━━━━━━━━━━━━━━━━━━━━━━━━━━━━━━━━━━━┓"
"┃                                     Score: 0 | High Score: 0                                     ┃"
"┃┌───────────────────────┐┌──────────────────────┐┌───────────────────────┐┌──────────────────────┐┃"
"┃│                       ││                      ││                       ││                      │┃"
"┃│                       ││                      ││                       ││                      │┃"
"┃│                       ││                      ││                       ││                      │┃"
"┃│                       ││                      ││                       ││                      │┃"
"┃│                       ││                      ││                       ││                      │┃"
"┃│                       ││                      ││                       ││                      │┃"
"┃│                       ││                      ││                       ││                      │┃"
"┃└───────────────────────┘└──────────────────────┘└───────────────────────┘└──────────────────────┘┃"
"┃┌───────────────────────┐┌──────────────────────┐┌───────────────────────┐┌──────────────────────┐┃"
"┃│                       ││                      ││                       ││                      │┃"
"┃│                       ││                                               ││                      │┃"
"┃│                       ││                                               ││                      │┃"
"┃│                       ││                                               ││                      │┃"
"┃│                  ┌Choose your game mode─────────────────────────────────────┐                  │┃"
"┃│                  │>> Normal                                                 │                  │┃"
"┃│                  │   Timed 5min                                             │                  │┃"
"┃│                  │   Timed 10min                                            │                  │┃"
"┃└──────────────────│                                                          │──────────────────┘┃"
"┃┌──────────────────│                                                          │──────────────────┐┃"
"┃│                  │                                                          │                  │┃"
"┃│                  └ Up <k / up> Down <j / down>  Select <Enter>  Quit <q> ───┘                  │┃"
"┃│                       ││                                               ││                      │┃"
"┃│                       ││                                               ││                      │┃"
"┃│                       ││                                               ││                      │┃"
"┃│                       ││                      ││                       ││                      │┃"
"┃│                       ││                      ││                       ││                      │┃"
"┃└───────────────────────┘└──────────────────────┘└───────────────────────┘└──────────────────────┘┃"
"┃┌───────────────────────┐┌──────────────────────┐┌───────────────────────┐┌──────────────────────┐┃"
"┃│                       ││                      ││                       ││                      │┃"
"┃│                       ││                      ││                       ││                      │┃"
"┃│                       ││                      ││                       ││                      │┃"
"┃│                       ││                      ││                       ││                      │┃"
"┃│                       ││                      ││                       ││                      │┃"
"┃│                       ││                      ││                       ││                      │┃"
"┃│                       ││                      ││                       ││                      │┃"
"┃└───────────────────────┘└──────────────────────┘└───────────────────────┘└──────────────────────┘┃"
"┗━━━━━━━━━━━━━━━━ Move <hjkl or Arrow Keys> New Game <n> High Scores <s>  Quit <q> ━━━━━━━━━━━━━━━━┛"
